Subject: Hello there
Content-Type: text/plain
Content-Disposition: inline; charset=utf-8
Content-Transfer-Encoding: 7bit
MIME-Version: 1.0

This is a simple mail.